125.208.212.194 - - [15/Feb/2008:19:46:19 +0900] "GET /pub/eclipse/modeling/emf/updates/features/org.eclipse.emf.ecore.sdo.editor_2.3.0.v200709252135.jar HTTP/1.1" 200 6143 "-" "Java/1.5.0_14"
125.208.212.194 - - [15/Feb/2008:19:46:19 +0900] "GET /pub/eclipse/modeling/emf/updates/features/org.eclipse.emf.ecore.sdo.sdk_2.3.0.v200709252135.jar HTTP/1.1" 200 19018 "-" "Java/1.5.0_14"
125.43.244.189 - - [15/Feb/2008:19:44:21 +0900] "GET /pub/opensuse/distribution/10.3/iso/dvd/openSUSE-10.3-GM-DVD-x86_64.iso HTTP/1.1" 206 2725969376 "http://ftp.kaist.ac.kr/pub/opensuse/distribution/10.3/iso/dvd" "Mozilla/4.0 (compatible; MSIE 6.0; Windows NT 5.0)"
121.150.171.34 - - [15/Feb/2008:19:46:19 +0900] "GET /ubuntu/pool/main/x/xsetmode/xsetmode_1.0.0-0ubuntu2_i386.deb HTTP/1.1" 200 5362 "-" "Ubuntu APT-HTTP/1.3 (0.7.6ubuntu14)"
125.208.212.194 - - [15/Feb/2008:19:46:19 +0900] "GET /pub/eclipse/modeling/emf/updates/features/org.eclipse.emf.ecore.sdo.source_2.3.0.v200709252135.jar HTTP/1.1" 200 18891 "-" "Java/1.5.0_14"
219.117.253.81 - - [15/Feb/2008:19:46:19 +0900] "GET /pub/fedora/linux/development/i386/os/Packages/xorg-x11-drv-keyboard-1.2.2-3.fc9.i386.rpm HTTP/1.1" 200 17146 "-" "urlgrabber/3.0.0"
121.150.171.34 - - [15/Feb/2008:19:46:19 +0900] "GET /ubuntu/pool/main/x/xsetpointer/xsetpointer_1.0.1-0ubuntu1_i386.deb HTTP/1.1" 200 6116 "-" "Ubuntu APT-HTTP/1.3 (0.7.6ubuntu14)"
211.204.215.144 - - [15/Feb/2008:19:46:16 +0900] "GET /ubuntu/pool/main/x/xorg-server/xserver-xorg-core_1.3.0.0.dfsg-12ubuntu8.3_i386.deb HTTP/1.1" 200 3676714 "-" "Ubuntu APT-HTTP/1.3 (0.7.6ubuntu14)"
121.150.171.34 - - [15/Feb/2008:19:46:19 +0900] "GET /ubuntu/pool/main/libx/libxv/libxv1_1.0.3-1ubuntu1_i386.deb HTTP/1.1" 200 15972 "-" "Ubuntu APT-HTTP/1.3 (0.7.6ubuntu14)"
211.204.215.144 - - [15/Feb/2008:19:46:19 +0900] "GET /ubuntu/pool/main/x/xserver-xorg-video-amd/xserver-xorg-video-amd_2.7.7.0-1_i386.deb HTTP/1.1" 200 151668 "-" "Ubuntu APT-HTTP/1.3 (0.7.6ubuntu14)"
121.150.171.34 - - [15/Feb/2008:19:46:19 +0900] "GET /ubuntu/pool/main/x/xvinfo/xvinfo_1.0.1-0ubuntu2_i386.deb HTTP/1.1" 200 7182 "-" "Ubuntu APT-HTTP/1.3 (0.7.6ubuntu14)"
62.251.22.88 - - [15/Feb/2008:19:46:19 +0900] "GET /pub/mozilla/firefox/releases/2.0.0.12/update/win32/nl/firefox-2.0.0.12.complete.mar HTTP/1.1" 206 300000 "-" "Mozilla/5.0 (Windows; U; Windows NT 6.0; nl; rv:1.8.1) Gecko/20061010 Firefox/2.0"
222.66.116.69 - - [15/Feb/2008:19:46:13 +0900] "GET /pub/fedora/linux/releases/7/Fedora/x86_64/iso/F-7-x86_64-DVD.iso HTTP/1.1" 206 509616550 "http://ftp.kaist.ac.kr/pub/fedora/linux/releases/7/Fedora/x86_64/iso/" "Mozilla/4.0 (compatible; MSIE 6.0; Windows NT 5.0)"
125.208.212.194 - - [15/Feb/2008:19:46:19 +0900] "GET /pub/eclipse/modeling/emf/updates/features/org.eclipse.xsd.doc_2.3.1.v200709252135.jar HTTP/1.1" 200 18889 "-" "Java/1.5.0_14"
125.208.212.194 - - [15/Feb/2008:19:46:19 +0900] "GET /pub/eclipse/modeling/emf/updates/features/org.eclipse.xsd.ecore.converter_2.3.1.v200709252135.jar HTTP/1.1" 200 6137 "-" "Java/1.5.0_14"
211.204.215.144 - - [15/Feb/2008:19:46:19 +0900] "GET /ubuntu/pool/main/x/xserver-xorg-video-apm/xserver-xorg-video-apm_1.1.1-7_i386.deb HTTP/1.1" 200 71016 "-" "Ubuntu APT-HTTP/1.3 (0.7.6ubuntu14)"
219.117.253.81 - - [15/Feb/2008:19:46:19 +0900] "GET /pub/fedora/linux/development/i386/os/Packages/selinux-policy-3.2.7-4.fc9.noarch.rpm HTTP/1.1" 200 431710 "-" "urlgrabber/3.0.0"
121.150.171.34 - - [15/Feb/2008:19:46:19 +0900] "GET /ubuntu/pool/main/libd/libdrm/libdrm2_2.3.0-4ubuntu1_i386.deb HTTP/1.1" 200 21766 "-" "Ubuntu APT-HTTP/1.3 (0.7.6ubuntu14)"
211.204.215.144 - - [15/Feb/2008:19:46:19 +0900] "GET /ubuntu/pool/main/x/xserver-xorg-video-ark/xserver-xorg-video-ark_0.6.0-6_i386.deb HTTP/1.1" 200 13570 "-" "Ubuntu APT-HTTP/1.3 (0.7.6ubuntu14)"
125.208.212.194 - - [15/Feb/2008:19:46:19 +0900] "GET /pub/eclipse/modeling/emf/updates/features/org.eclipse.xsd.editor_2.3.0.v200709252135.jar HTTP/1.1" 200 6137 "-" "Java/1.5.0_14"
121.150.171.34 - - [15/Feb/2008:19:46:19 +0900] "GET /ubuntu/pool/main/m/mesa/libgl1-mesa-glx_7.0.1-1ubuntu3_i386.deb HTTP/1.1" 200 145290 "-" "Ubuntu APT-HTTP/1.3 (0.7.6ubuntu14)"
125.208.212.194 - - [15/Feb/2008:19:46:19 +0900] "GET /pub/eclipse/modeling/emf/updates/features/org.eclipse.emf_2.3.1.v200709252135.jar HTTP/1.1" 200 24417 "-" "Java/1.5.0_14"
123.120.6.15 - - [15/Feb/2008:19:46:08 +0900] "GET /pub/fedora/linux/releases/8/Fedora/x86_64/iso/Fedora-8-x86_64-DVD.iso HTTP/1.1" 206 140325493 "http://ftp.kaist.ac.kr/pub/fedora/linux/releases/8/Fedora/x86_64/iso/" "Mozilla/4.0 (compatible; MSIE 6.0; Windows NT 5.0)"
121.150.171.34 - - [15/Feb/2008:19:46:19 +0900] "GET /ubuntu/pool/main/m/mesa/mesa-utils_7.0.1-1ubuntu3_i386.deb HTTP/1.1" 200 46258 "-" "Ubuntu APT-HTTP/1.3 (0.7.6ubuntu14)"
125.208.212.194 - - [15/Feb/2008:19:46:19 +0900] "GET /pub/eclipse/modeling/emf/updates/features/org.eclipse.xsd.mapping.editor_2.3.0.v200709252135.jar HTTP/1.1" 200 6119 "-" "Java/1.5.0_14"
125.208.212.194 - - [15/Feb/2008:19:46:19 +0900] "GET /pub/eclipse/modeling/emf/updates/features/org.eclipse.xsd.mapping_2.3.0.v200709252135.jar HTTP/1.1" 200 6120 "-" "Java/1.5.0_14"
125.208.212.194 - - [15/Feb/2008:19:46:19 +0900] "GET /pub/eclipse/modeling/emf/updates/features/org.eclipse.xsd.sdk_2.3.1.v200709252135.jar HTTP/1.1" 200 19023 "-" "Java/1.5.0_14"
125.208.212.194 - - [15/Feb/2008:19:46:19 +0900] "GET /pub/eclipse/modeling/emf/updates/features/org.eclipse.xsd.source_2.3.1.v200709252135.jar HTTP/1.1" 200 18871 "-" "Java/1.5.0_14"
121.150.171.34 - - [15/Feb/2008:19:46:19 +0900] "GET /ubuntu/pool/main/x/xset/xset_1.0.2-0ubuntu1_i386.deb HTTP/1.1" 200 18706 "-" "Ubuntu APT-HTTP/1.3 (0.7.6ubuntu14)"
87.204.57.252 - - [15/Feb/2008:19:45:04 +0900] "GET /pub/mozilla/firefox/releases/2.0.0.12/win32/pl/Firefox%20Setup%202.0.0.12.exe HTTP/1.1" 200 6676280 "http://www.mozilla-europe.org/pl/products/firefox/" "Mozilla/4.0 (compatible; MSIE 6.0; Windows NT 5.1; SV1)"
211.204.215.144 - - [15/Feb/2008:19:46:19 +0900] "GET /ubuntu/pool/main/x/xserver-xorg-video-ati/xserver-xorg-video-ati_6.7.195-1ubuntu2_i386.deb HTTP/1.1" 200 407626 "-" "Ubuntu APT-HTTP/1.3 (0.7.6ubuntu14)"
125.208.212.194 - - [15/Feb/2008:19:46:19 +0900] "GET /pub/eclipse/modeling/emf/updates/features/org.eclipse.emf.examples.source_2.3.0.v200709252135.jar HTTP/1.1" 200 24157 "-" "Java/1.5.0_14"
121.188.215.126 - - [15/Feb/2008:19:46:19 +0900] "GET /ubuntu/pool/main/libg/libgd2/libgd2-xpm_2.0.34-1ubuntu1.1_i386.deb HTTP/1.1" 200 319126 "-" "Ubuntu APT-HTTP/1.3 (0.7.6ubuntu14)"
121.150.171.34 - - [15/Feb/2008:19:46:19 +0900] "GET /ubuntu/pool/main/x/xmodmap/xmodmap_1.0.2-0ubuntu1_i386.deb HTTP/1.1" 200 19714 "-" "Ubuntu APT-HTTP/1.3 (0.7.6ubuntu14)"
125.208.212.194 - - [15/Feb/2008:19:46:19 +0900] "GET /pub/eclipse/modeling/emf/updates/features/org.eclipse.emf.examples_2.3.0.v200709252135.jar HTTP/1.1" 200 24341 "-" "Java/1.5.0_14"
125.208.212.194 - - [15/Feb/2008:19:46:19 +0900] "GET /pub/eclipse/modeling/emf/updates/features/org.eclipse.emf.codegen.ecore.ui_2.3.0.v200706262000.jar HTTP/1.1" 200 11404 "-" "Java/1.5.0_14"
121.150.171.34 - - [15/Feb/2008:19:46:19 +0900] "GET /ubuntu/pool/main/x/xdriinfo/xdriinfo_1.0.1-0ubuntu1_i386.deb HTTP/1.1" 200 5540 "-" "Ubuntu APT-HTTP/1.3 (0.7.6ubuntu14)"
211.204.215.144 - - [15/Feb/2008:19:46:19 +0900] "GET /ubuntu/pool/main/x/xserver-xorg-video-chips/xserver-xorg-video-chips_1.1.1-4ubuntu1_i386.deb HTTP/1.1" 200 73608 "-" "Ubuntu APT-HTTP/1.3 (0.7.6ubuntu14)"
121.150.171.34 - - [15/Feb/2008:19:46:19 +0900] "GET /ubuntu/pool/main/a/appres/appres_1.0.1-0ubuntu1_i386.deb HTTP/1.1" 200 7082 "-" "Ubuntu APT-HTTP/1.3 (0.7.6ubuntu14)"
125.208.212.194 - - [15/Feb/2008:19:46:19 +0900] "GET /pub/eclipse/modeling/emf/updates/features/org.eclipse.emf.codegen.ui_2.3.0.v200706262000.jar HTTP/1.1" 200 11405 "-" "Java/1.5.0_14"
203.172.15.90 - - [15/Feb/2008:19:46:19 +0900] "GET /pub/mozilla/thunderbird/releases/1.5.0.13/update/win32/en-US/thunderbird-1.5.0.13.complete.mar HTTP/1.1" 206 65536 "-" "Mozilla/5.0 (Windows; U; Windows NT 5.1; en-US; rv:1.8) Gecko/20051201 Thunderbird/1.5"
125.208.212.194 - - [15/Feb/2008:19:46:19 +0900] "GET /pub/eclipse/modeling/emf/updates/features/org.eclipse.emf.codegen_2.3.0.v200706262000.jar HTTP/1.1" 200 11399 "-" "Java/1.5.0_14"
121.150.171.34 - - [15/Feb/2008:19:46:19 +0900] "GET /ubuntu/pool/main/libx/libxss/libxss1_1.1.2-1_i386.deb HTTP/1.1" 200 10822 "-" "Ubuntu APT-HTTP/1.3 (0.7.6ubuntu14)"
121.188.215.126 - - [15/Feb/2008:19:46:19 +0900] "GET /ubuntu/pool/universe/a/amule/amule-utils_2.1.3-3ubuntu1_i386.deb HTTP/1.1" 200 387636 "-" "Ubuntu APT-HTTP/1.3 (0.7.6ubuntu14)"
125.208.212.194 - - [15/Feb/2008:19:46:19 +0900] "GET /pub/eclipse/modeling/emf/updates/features/org.eclipse.emf.codegen.ecore_2.3.0.v200706262000.jar HTTP/1.1" 200 11433 "-" "Java/1.5.0_14"
125.208.212.194 - - [15/Feb/2008:19:46:19 +0900] "GET /pub/eclipse/modeling/emf/updates/features/org.eclipse.emf.converter_2.3.0.v200706262000.jar HTTP/1.1" 200 11416 "-" "Java/1.5.0_14"
125.208.212.194 - - [15/Feb/2008:19:46:19 +0900] "GET /pub/eclipse/modeling/emf/updates/features/org.eclipse.emf.doc_2.3.0.v200706262000.jar HTTP/1.1" 200 24150 "-" "Java/1.5.0_14"
121.150.171.34 - - [15/Feb/2008:19:46:19 +0900] "GET /ubuntu/pool/main/b/beforelight/beforelight_1.0.2-0ubuntu1_i386.deb HTTP/1.1" 200 8040 "-" "Ubuntu APT-HTTP/1.3 (0.7.6ubuntu14)"
125.208.212.194 - - [15/Feb/2008:19:46:19 +0900] "GET /pub/eclipse/modeling/emf/updates/features/org.eclipse.emf.ecore.editor_2.3.0.v200706262000.jar HTTP/1.1" 200 11396 "-" "Java/1.5.0_14"
211.204.215.144 - - [15/Feb/2008:19:46:19 +0900] "GET /ubuntu/pool/main/x/xserver-xorg-video-cirrus/xserver-xorg-video-cirrus_1.1.0-3ubuntu1_i386.deb HTTP/1.1" 200 38496 "-" "Ubuntu APT-HTTP/1.3 (0.7.6ubuntu14)"
125.208.212.194 - - [15/Feb/2008:19:46:19 +0900] "GET /pub/eclipse/modeling/emf/updates/features/org.eclipse.emf.mapping.ecore.editor_2.3.0.v200706262000.jar HTTP/1.1" 200 11443 "-" "Java/1.5.0_14"
211.204.215.144 - - [15/Feb/2008:19:46:19 +0900] "GET /ubuntu/pool/main/x/xserver-xorg-video-cyrix/xserver-xorg-video-cyrix_1.1.0-4ubuntu1_i386.deb HTTP/1.1" 200 18154 "-" "Ubuntu APT-HTTP/1.3 (0.7.6ubuntu14)"
125.208.212.194 - - [15/Feb/2008:19:46:20 +0900] "GET /pub/eclipse/modeling/emf/updates/features/org.eclipse.emf.mapping.ecore_2.3.0.v200706262000.jar HTTP/1.1" 200 11399 "-" "Java/1.5.0_14"
121.150.171.34 - - [15/Feb/2008:19:46:19 +0900] "GET /ubuntu/pool/main/b/bitmap/bitmap_1.0.3-0ubuntu1_i386.deb HTTP/1.1" 200 53598 "-" "Ubuntu APT-HTTP/1.3 (0.7.6ubuntu14)"
211.204.215.144 - - [15/Feb/2008:19:46:20 +0900] "GET /ubuntu/pool/main/x/xserver-xorg-video-dummy/xserver-xorg-video-dummy_0.2.0-3ubuntu1_i386.deb HTTP/1.1" 200 9970 "-" "Ubuntu APT-HTTP/1.3 (0.7.6ubuntu14)"
125.208.212.194 - - [15/Feb/2008:19:46:20 +0900] "GET /pub/eclipse/modeling/emf/updates/features/org.eclipse.emf.mapping.ui_2.3.0.v200706262000.jar HTTP/1.1" 200 11396 "-" "Java/1.5.0_14"
125.208.212.194 - - [15/Feb/2008:19:46:20 +0900] "GET /pub/eclipse/modeling/emf/updates/features/org.eclipse.emf.mapping_2.3.0.v200706262000.jar HTTP/1.1" 200 11363 "-" "Java/1.5.0_14"
211.204.215.144 - - [15/Feb/2008:19:46:20 +0900] "GET /ubuntu/pool/main/x/xserver-xorg-video-fbdev/xserver-xorg-video-fbdev_0.3.1-1ubuntu1_i386.deb HTTP/1.1" 200 13640 "-" "Ubuntu APT-HTTP/1.3 (0.7.6ubuntu14)"
121.150.171.34 - - [15/Feb/2008:19:46:20 +0900] "GET /ubuntu/pool/main/e/editres/editres_1.0.3-0ubuntu1_i386.deb HTTP/1.1" 200 36722 "-" "Ubuntu APT-HTTP/1.3 (0.7.6ubuntu14)"
211.204.215.144 - - [15/Feb/2008:19:46:20 +0900] "GET /ubuntu/pool/main/x/xserver-xorg-video-glint/xserver-xorg-video-glint_1.1.1-6_i386.deb HTTP/1.1" 200 101356 "-" "Ubuntu APT-HTTP/1.3 (0.7.6ubuntu14)"
125.208.212.194 - - [15/Feb/2008:19:46:20 +0900] "GET /pub/eclipse/modeling/emf/updates/features/org.eclipse.emf.sdk_2.3.0.v200706262000.jar HTTP/1.1" 200 24263 "-" "Java/1.5.0_14"
123.120.6.15 - - [15/Feb/2008:19:41:19 +0900] "GET /pub/fedora/linux/releases/8/Fedora/x86_64/iso/Fedora-8-x86_64-DVD.iso HTTP/1.1" 206 990311628 "http://ftp.kaist.ac.kr/pub/fedora/linux/releases/8/Fedora/x86_64/iso/" "Mozilla/4.0 (compatible; MSIE 6.0; Windows NT 5.0)"
211.204.215.144 - - [15/Feb/2008:19:46:20 +0900] "GET /ubuntu/pool/main/x/xserver-xorg-video-i128/xserver-xorg-video-i128_1.2.1-2_i386.deb HTTP/1.1" 200 33410 "-" "Ubuntu APT-HTTP/1.3 (0.7.6ubuntu14)"
125.208.212.194 - - [15/Feb/2008:19:46:20 +0900] "GET /pub/eclipse/modeling/emf/updates/features/org.eclipse.emf.source_2.3.0.v200706262000.jar HTTP/1.1" 200 24149 "-" "Java/1.5.0_14"
121.150.171.34 - - [15/Feb/2008:19:46:20 +0900] "GET /ubuntu/pool/main/libf/libfs/libfs6_1.0.0-4ubuntu2_i386.deb HTTP/1.1" 200 25120 "-" "Ubuntu APT-HTTP/1.3 (0.7.6ubuntu14)"
211.204.215.144 - - [15/Feb/2008:19:46:20 +0900] "GET /ubuntu/pool/main/x/xserver-xorg-video-i740/xserver-xorg-video-i740_1.1.0-3ubuntu1_i386.deb HTTP/1.1" 200 24836 "-" "Ubuntu APT-HTTP/1.3 (0.7.6ubuntu14)"
125.208.212.194 - - [15/Feb/2008:19:46:20 +0900] "GET /pub/eclipse/modeling/emf/updates/features/org.eclipse.emf.ecore.sdo.doc_2.3.0.v200706262000.jar HTTP/1.1" 200 18876 "-" "Java/1.5.0_14"
121.150.171.34 - - [15/Feb/2008:19:46:20 +0900] "GET /ubuntu/pool/main/f/fstobdf/fstobdf_1.0.2-0ubuntu1_i386.deb HTTP/1.1" 200 8250 "-" "Ubuntu APT-HTTP/1.3 (0.7.6ubuntu14)"
125.208.212.194 - - [15/Feb/2008:19:46:20 +0900] "GET /pub/eclipse/modeling/emf/updates/features/org.eclipse.emf.ecore.sdo.edit_2.3.0.v200706262000.jar HTTP/1.1" 200 6126 "-" "Java/1.5.0_14"
121.150.171.34 - - [15/Feb/2008:19:46:20 +0900] "GET /ubuntu/pool/main/i/iceauth/iceauth_1.0.2-0ubuntu1_i386.deb HTTP/1.1" 200 14880 "-" "Ubuntu APT-HTTP/1.3 (0.7.6ubuntu14)"
211.204.215.144 - - [15/Feb/2008:19:46:20 +0900] "GET /ubuntu/pool/main/x/xserver-xorg-video-i810/xserver-xorg-video-i810_1.7.4-0ubuntu5_i386.deb HTTP/1.1" 200 143098 "-" "Ubuntu APT-HTTP/1.3 (0.7.6ubuntu14)"
125.208.212.194 - - [15/Feb/2008:19:46:20 +0900] "GET /pub/eclipse/modeling/emf/updates/features/org.eclipse.emf.ecore.sdo.editor_2.3.0.v200706262000.jar HTTP/1.1" 200 6141 "-" "Java/1.5.0_14"
125.208.212.194 - - [15/Feb/2008:19:46:20 +0900] "GET /pub/eclipse/modeling/emf/updates/features/org.eclipse.emf.ecore.sdo.sdk_2.3.0.v200706262000.jar HTTP/1.1" 200 18971 "-" "Java/1.5.0_14"
121.150.171.34 - - [15/Feb/2008:19:46:20 +0900] "GET /ubuntu/pool/main/i/ico/ico_1.0.2-0ubuntu1_i386.deb HTTP/1.1" 200 15584 "-" "Ubuntu APT-HTTP/1.3 (0.7.6ubuntu14)"
211.204.215.144 - - [15/Feb/2008:19:46:20 +0900] "GET /ubuntu/pool/main/x/xserver-xorg-video-intel/xserver-xorg-video-intel_2.1.1-0ubuntu9_i386.deb HTTP/1.1" 200 177580 "-" "Ubuntu APT-HTTP/1.3 (0.7.6ubuntu14)"
211.204.215.144 - - [15/Feb/2008:19:46:20 +0900] "GET /ubuntu/pool/main/x/xserver-xorg-video-imstt/xserver-xorg-video-imstt_1.1.0-3ubuntu1_i386.deb HTTP/1.1" 200 12772 "-" "Ubuntu APT-HTTP/1.3 (0.7.6ubuntu14)"
121.150.171.34 - - [15/Feb/2008:19:46:20 +0900] "GET /ubuntu/pool/main/l/listres/listres_1.0.1-0ubuntu2_i386.deb HTTP/1.1" 200 8242 "-" "Ubuntu APT-HTTP/1.3 (0.7.6ubuntu14)"
125.208.212.194 - - [15/Feb/2008:19:46:20 +0900] "GET /pub/eclipse/modeling/emf/updates/features/org.eclipse.emf.ecore.sdo.source_2.3.0.v200706262000.jar HTTP/1.1" 200 18889 "-" "Java/1.5.0_14"
121.150.171.34 - - [15/Feb/2008:19:46:20 +0900] "GET /ubuntu/pool/main/o/oclock/oclock_1.0.1-0ubuntu2_i386.deb HTTP/1.1" 200 11396 "-" "Ubuntu APT-HTTP/1.3 (0.7.6ubuntu14)"
125.208.212.194 - - [15/Feb/2008:19:46:20 +0900] "GET /pub/eclipse/modeling/emf/updates/features/org.eclipse.xsd.doc_2.3.0.v200706262000.jar HTTP/1.1" 200 18870 "-" "Java/1.5.0_14"
125.208.212.194 - - [15/Feb/2008:19:46:20 +0900] "GET /pub/eclipse/modeling/emf/updates/features/org.eclipse.xsd.ecore.converter_2.3.0.v200706262000.jar HTTP/1.1" 200 6126 "-" "Java/1.5.0_14"
121.150.171.34 - - [15/Feb/2008:19:46:20 +0900] "GET /ubuntu/pool/main/s/smproxy/smproxy_1.0.2-0ubuntu1_i386.deb HTTP/1.1" 200 12350 "-" "Ubuntu APT-HTTP/1.3 (0.7.6ubuntu14)"
125.208.212.194 - - [15/Feb/2008:19:46:20 +0900] "GET /pub/eclipse/modeling/emf/updates/features/org.eclipse.xsd.editor_2.3.0.v200706262000.jar HTTP/1.1" 200 6136 "-" "Java/1.5.0_14"
125.208.212.194 - - [15/Feb/2008:19:46:20 +0900] "GET /pub/eclipse/modeling/emf/updates/features/org.eclipse.xsd.mapping.editor_2.3.0.v200706262000.jar HTTP/1.1" 200 6117 "-" "Java/1.5.0_14"
121.150.171.34 - - [15/Feb/2008:19:46:20 +0900] "GET /ubuntu/pool/main/v/viewres/viewres_1.0.1-0ubuntu2_i386.deb HTTP/1.1" 200 14952 "-" "Ubuntu APT-HTTP/1.3 (0.7.6ubuntu14)"
125.208.212.194 - - [15/Feb/2008:19:46:20 +0900] "GET /pub/eclipse/modeling/emf/updates/features/org.eclipse.xsd.mapping_2.3.0.v200706262000.jar HTTP/1.1" 200 6118 "-" "Java/1.5.0_14"
121.150.171.34 - - [15/Feb/2008:19:46:20 +0900] "GET /ubuntu/pool/main/x/x11perf/x11perf_1.4.1-0ubuntu1_i386.deb HTTP/1.1" 200 54298 "-" "Ubuntu APT-HTTP/1.3 (0.7.6ubuntu14)"
125.208.212.194 - - [15/Feb/2008:19:46:20 +0900] "GET /pub/eclipse/modeling/emf/updates/features/org.eclipse.xsd.sdk_2.3.0.v200706262000.jar HTTP/1.1" 200 18975 "-" "Java/1.5.0_14"
121.150.171.34 - - [15/Feb/2008:19:46:20 +0900] "GET /ubuntu/pool/main/x/xbiff/xbiff_1.0.1-0ubuntu2_i386.deb HTTP/1.1" 200 11806 "-" "Ubuntu APT-HTTP/1.3 (0.7.6ubuntu14)"
125.208.212.194 - - [15/Feb/2008:19:46:20 +0900] "GET /pub/eclipse/modeling/emf/updates/features/org.eclipse.xsd.source_2.3.0.v200706262000.jar HTTP/1.1" 200 18869 "-" "Java/1.5.0_14"
211.204.215.144 - - [15/Feb/2008:19:46:20 +0900] "GET /ubuntu/pool/main/x/xserver-xorg-video-mga/xserver-xorg-video-mga_1.4.6.1.dfsg.1-3_i386.deb HTTP/1.1" 200 98700 "-" "Ubuntu APT-HTTP/1.3 (0.7.6ubuntu14)"
121.150.171.34 - - [15/Feb/2008:19:46:20 +0900] "GET /ubuntu/pool/main/x/xcalc/xcalc_1.0.1-0ubuntu2_i386.deb HTTP/1.1" 200 22378 "-" "Ubuntu APT-HTTP/1.3 (0.7.6ubuntu14)"
211.204.215.144 - - [15/Feb/2008:19:46:20 +0900] "GET /ubuntu/pool/main/x/xserver-xorg-video-neomagic/xserver-xorg-video-neomagic_1.1.1-5ubuntu1_i386.deb HTTP/1.1" 200 37548 "-" "Ubuntu APT-HTTP/1.3 (0.7.6ubuntu14)"
125.208.212.194 - - [15/Feb/2008:19:46:20 +0900] "GET /pub/eclipse/modeling/emf/updates/features/org.eclipse.emf.examples.source_2.3.0.v200706262000.jar HTTP/1.1" 200 24155 "-" "Java/1.5.0_14"
121.150.171.34 - - [15/Feb/2008:19:46:20 +0900] "GET /ubuntu/pool/main/x/xclipboard/xclipboard_1.0.1-0ubuntu2_i386.deb HTTP/1.1" 200 16958 "-" "Ubuntu APT-HTTP/1.3 (0.7.6ubuntu14)"
211.204.215.144 - - [15/Feb/2008:19:46:20 +0900] "GET /ubuntu/pool/main/x/xserver-xorg-video-newport/xserver-xorg-video-newport_0.2.1-2ubuntu1_i386.deb HTTP/1.1" 200 24172 "-" "Ubuntu APT-HTTP/1.3 (0.7.6ubuntu14)"
121.150.171.34 - - [15/Feb/2008:19:46:20 +0900] "GET /ubuntu/pool/main/x/xclock/xclock_1.0.2-0ubuntu1_i386.deb HTTP/1.1" 200 24908 "-" "Ubuntu APT-HTTP/1.3 (0.7.6ubuntu14)"
125.208.212.194 - - [15/Feb/2008:19:46:20 +0900] "GET /pub/eclipse/modeling/emf/updates/features/org.eclipse.emf.examples_2.3.0.v200706262000.jar HTTP/1.1" 200 24339 "-" "Java/1.5.0_14"
211.204.215.144 - - [15/Feb/2008:19:46:20 +0900] "GET /ubuntu/pool/main/x/xserver-xorg-video-nsc/xserver-xorg-video-nsc_2.8.2-2_i386.deb HTTP/1.1" 200 128538 "-" "Ubuntu APT-HTTP/1.3 (0.7.6ubuntu14)"
121.150.171.34 - - [15/Feb/2008:19:46:20 +0900] "GET /ubuntu/pool/main/x/xconsole/xconsole_1.0.2-0ubuntu1_i386.deb HTTP/1.1" 200 11472 "-" "Ubuntu APT-HTTP/1.3 (0.7.6ubuntu14)"
